  正在确定要还原的项目…
  所有项目均是最新的，无法还原。
  Sqlx -> C:\Users\huaji\Workplace\github\Sqlx\src\Sqlx\bin\Debug\netstandard2.0\Sqlx.dll
  Sqlx -> C:\Users\huaji\Workplace\github\Sqlx\src\Sqlx\bin\Debug\net8.0\Sqlx.dll
  Sqlx -> C:\Users\huaji\Workplace\github\Sqlx\src\Sqlx\bin\Debug\net9.0\Sqlx.dll

已成功生成。
    0 个警告
    0 个错误

已用时间 00:00:03.35

有可用的工作负载更新。有关详细信息，请运行 `dotnet workload list`。
