  正在确定要还原的项目…
  已还原 C:\Users\huaji\Workplace\github\Sqlx\src\Sqlx\Sqlx.csproj (用时 595 毫秒)。
  已还原 C:\Users\huaji\Workplace\github\Sqlx\samples\CompilationTests\Sqlx.CompilationTests.csproj (用时 601 毫秒)。
  已还原 C:\Users\huaji\Workplace\github\Sqlx\tests\Sqlx.Tests\Sqlx.Tests.csproj (用时 635 毫秒)。
  Sqlx -> C:\Users\huaji\Workplace\github\Sqlx\src\Sqlx\bin\Debug\netstandard2.0\Sqlx.dll
  Sqlx.CompilationTests -> C:\Users\huaji\Workplace\github\Sqlx\samples\CompilationTests\bin\Debug\net6.0\Sqlx.CompilationTests.dll
C:\Program Files\dotnet\sdk\9.0.304\Sdks\Microsoft.NET.Sdk\targets\Microsoft.NET.Sdk.targets(323,5): warning NETSDK1206: 找到了特定于版本或特定于发行版的运行时标识符: alpine-arm, alpine-arm64, alpine-x64。受影响的库: SQLitePCLRaw.lib.e_sqlite3。在 .NET 8.0 及更高版本中，默认情况下找不到特定于版本和特定于发行版的运行时标识符的资产。有关详细信息，请参阅 https://aka.ms/dotnet/rid-usage。 [C:\Users\huaji\Workplace\github\Sqlx\samples\CompilationTests\Sqlx.CompilationTests.csproj::TargetFramework=net8.0]
  Sqlx.CompilationTests -> C:\Users\huaji\Workplace\github\Sqlx\samples\CompilationTests\bin\Debug\net8.0\Sqlx.CompilationTests.dll
C:\Program Files\dotnet\sdk\9.0.304\Microsoft.Common.CurrentVersion.targets(5093,5): warning MSB3026: 无法将“C:\Users\huaji\Workplace\github\Sqlx\src\Sqlx\bin\Debug\netstandard2.0\Sqlx.dll”复制到“bin\Debug\net8.0\Sqlx.dll”。1000 毫秒后将开始第 1 次重试。The process cannot access the file 'C:\Users\huaji\Workplace\github\Sqlx\tests\Sqlx.Tests\bin\Debug\net8.0\Sqlx.dll' because it is being used by another process. 文件被“testhost (25136)”锁定。 [C:\Users\huaji\Workplace\github\Sqlx\tests\Sqlx.Tests\Sqlx.Tests.csproj::TargetFramework=net8.0]
  Sqlx.Tests -> C:\Users\huaji\Workplace\github\Sqlx\tests\Sqlx.Tests\bin\Debug\net6.0\Sqlx.Tests.dll
C:\Program Files\dotnet\sdk\9.0.304\Microsoft.Common.CurrentVersion.targets(5093,5): warning MSB3026: 无法将“C:\Users\huaji\Workplace\github\Sqlx\src\Sqlx\bin\Debug\netstandard2.0\Sqlx.dll”复制到“bin\Debug\net8.0\Sqlx.dll”。1000 毫秒后将开始第 2 次重试。The process cannot access the file 'C:\Users\huaji\Workplace\github\Sqlx\tests\Sqlx.Tests\bin\Debug\net8.0\Sqlx.dll' because it is being used by another process. 文件被“testhost (25136)”锁定。 [C:\Users\huaji\Workplace\github\Sqlx\tests\Sqlx.Tests\Sqlx.Tests.csproj::TargetFramework=net8.0]
C:\Program Files\dotnet\sdk\9.0.304\Microsoft.Common.CurrentVersion.targets(5093,5): warning MSB3026: 无法将“C:\Users\huaji\Workplace\github\Sqlx\src\Sqlx\bin\Debug\netstandard2.0\Sqlx.dll”复制到“bin\Debug\net8.0\Sqlx.dll”。1000 毫秒后将开始第 3 次重试。The process cannot access the file 'C:\Users\huaji\Workplace\github\Sqlx\tests\Sqlx.Tests\bin\Debug\net8.0\Sqlx.dll' because it is being used by another process. 文件被“testhost (25136)”锁定。 [C:\Users\huaji\Workplace\github\Sqlx\tests\Sqlx.Tests\Sqlx.Tests.csproj::TargetFramework=net8.0]
C:\Program Files\dotnet\sdk\9.0.304\Microsoft.Common.CurrentVersion.targets(5093,5): warning MSB3026: 无法将“C:\Users\huaji\Workplace\github\Sqlx\src\Sqlx\bin\Debug\netstandard2.0\Sqlx.dll”复制到“bin\Debug\net8.0\Sqlx.dll”。1000 毫秒后将开始第 4 次重试。The process cannot access the file 'C:\Users\huaji\Workplace\github\Sqlx\tests\Sqlx.Tests\bin\Debug\net8.0\Sqlx.dll' because it is being used by another process. 文件被“testhost (25136)”锁定。 [C:\Users\huaji\Workplace\github\Sqlx\tests\Sqlx.Tests\Sqlx.Tests.csproj::TargetFramework=net8.0]
C:\Program Files\dotnet\sdk\9.0.304\Microsoft.Common.CurrentVersion.targets(5093,5): warning MSB3026: 无法将“C:\Users\huaji\Workplace\github\Sqlx\src\Sqlx\bin\Debug\netstandard2.0\Sqlx.dll”复制到“bin\Debug\net8.0\Sqlx.dll”。1000 毫秒后将开始第 5 次重试。The process cannot access the file 'C:\Users\huaji\Workplace\github\Sqlx\tests\Sqlx.Tests\bin\Debug\net8.0\Sqlx.dll' because it is being used by another process. 文件被“testhost (25136)”锁定。 [C:\Users\huaji\Workplace\github\Sqlx\tests\Sqlx.Tests\Sqlx.Tests.csproj::TargetFramework=net8.0]
C:\Program Files\dotnet\sdk\9.0.304\Microsoft.Common.CurrentVersion.targets(5093,5): warning MSB3026: 无法将“C:\Users\huaji\Workplace\github\Sqlx\src\Sqlx\bin\Debug\netstandard2.0\Sqlx.dll”复制到“bin\Debug\net8.0\Sqlx.dll”。1000 毫秒后将开始第 6 次重试。The process cannot access the file 'C:\Users\huaji\Workplace\github\Sqlx\tests\Sqlx.Tests\bin\Debug\net8.0\Sqlx.dll' because it is being used by another process. 文件被“testhost (25136)”锁定。 [C:\Users\huaji\Workplace\github\Sqlx\tests\Sqlx.Tests\Sqlx.Tests.csproj::TargetFramework=net8.0]
C:\Program Files\dotnet\sdk\9.0.304\Microsoft.Common.CurrentVersion.targets(5093,5): warning MSB3026: 无法将“C:\Users\huaji\Workplace\github\Sqlx\src\Sqlx\bin\Debug\netstandard2.0\Sqlx.dll”复制到“bin\Debug\net8.0\Sqlx.dll”。1000 毫秒后将开始第 7 次重试。The process cannot access the file 'C:\Users\huaji\Workplace\github\Sqlx\tests\Sqlx.Tests\bin\Debug\net8.0\Sqlx.dll' because it is being used by another process. 文件被“testhost (25136)”锁定。 [C:\Users\huaji\Workplace\github\Sqlx\tests\Sqlx.Tests\Sqlx.Tests.csproj::TargetFramework=net8.0]
C:\Program Files\dotnet\sdk\9.0.304\Microsoft.Common.CurrentVersion.targets(5093,5): warning MSB3026: 无法将“C:\Users\huaji\Workplace\github\Sqlx\src\Sqlx\bin\Debug\netstandard2.0\Sqlx.dll”复制到“bin\Debug\net8.0\Sqlx.dll”。1000 毫秒后将开始第 8 次重试。The process cannot access the file 'C:\Users\huaji\Workplace\github\Sqlx\tests\Sqlx.Tests\bin\Debug\net8.0\Sqlx.dll' because it is being used by another process. 文件被“testhost (25136)”锁定。 [C:\Users\huaji\Workplace\github\Sqlx\tests\Sqlx.Tests\Sqlx.Tests.csproj::TargetFramework=net8.0]
C:\Program Files\dotnet\sdk\9.0.304\Microsoft.Common.CurrentVersion.targets(5093,5): warning MSB3026: 无法将“C:\Users\huaji\Workplace\github\Sqlx\src\Sqlx\bin\Debug\netstandard2.0\Sqlx.dll”复制到“bin\Debug\net8.0\Sqlx.dll”。1000 毫秒后将开始第 9 次重试。The process cannot access the file 'C:\Users\huaji\Workplace\github\Sqlx\tests\Sqlx.Tests\bin\Debug\net8.0\Sqlx.dll' because it is being used by another process. 文件被“testhost (25136)”锁定。 [C:\Users\huaji\Workplace\github\Sqlx\tests\Sqlx.Tests\Sqlx.Tests.csproj::TargetFramework=net8.0]
C:\Program Files\dotnet\sdk\9.0.304\Microsoft.Common.CurrentVersion.targets(5093,5): warning MSB3026: 无法将“C:\Users\huaji\Workplace\github\Sqlx\src\Sqlx\bin\Debug\netstandard2.0\Sqlx.dll”复制到“bin\Debug\net8.0\Sqlx.dll”。1000 毫秒后将开始第 10 次重试。The process cannot access the file 'C:\Users\huaji\Workplace\github\Sqlx\tests\Sqlx.Tests\bin\Debug\net8.0\Sqlx.dll' because it is being used by another process. 文件被“testhost (25136)”锁定。 [C:\Users\huaji\Workplace\github\Sqlx\tests\Sqlx.Tests\Sqlx.Tests.csproj::TargetFramework=net8.0]
C:\Program Files\dotnet\sdk\9.0.304\Microsoft.Common.CurrentVersion.targets(5093,5): error MSB3027: 无法将“C:\Users\huaji\Workplace\github\Sqlx\src\Sqlx\bin\Debug\netstandard2.0\Sqlx.dll”复制到“bin\Debug\net8.0\Sqlx.dll”。超出了重试计数 10。失败。文件被“testhost (25136)”锁定。 [C:\Users\huaji\Workplace\github\Sqlx\tests\Sqlx.Tests\Sqlx.Tests.csproj::TargetFramework=net8.0]
C:\Program Files\dotnet\sdk\9.0.304\Microsoft.Common.CurrentVersion.targets(5093,5): error MSB3021: 无法将文件“C:\Users\huaji\Workplace\github\Sqlx\src\Sqlx\bin\Debug\netstandard2.0\Sqlx.dll”复制到“bin\Debug\net8.0\Sqlx.dll”。The process cannot access the file 'C:\Users\huaji\Workplace\github\Sqlx\tests\Sqlx.Tests\bin\Debug\net8.0\Sqlx.dll' because it is being used by another process. [C:\Users\huaji\Workplace\github\Sqlx\tests\Sqlx.Tests\Sqlx.Tests.csproj::TargetFramework=net8.0]

有可用的工作负载更新。有关详细信息，请运行 `dotnet workload list`。
